[gpu_guard] cuda:0 -> GPU-76871c16-ff1d-f7b1-cdf5-fabbaf9df8ce (NVIDIA RTX PRO 6000 Blackwell Max-Q Workstation Edition)
{
  "task": "peg-insert-side",
  "windows_checked": 12,
  "d2": {
    "count": 283421,
    "median_mm": 0.8144935175411483,
    "p90_mm": 3.5362349540267735,
    "threshold_mm": 3.0,
    "passed": true,
    "status": "pass"
  },
  "d3": {
    "count": 380063,
    "median_mm": 1.9907683414223534,
    "p90_mm": 4.5329234572717585,
    "threshold_mm": 5.0,
    "passed": true,
    "status": "pass"
  },
  "world_body_zero": {
    "pixels": 129903,
    "nonzero_pixels": 0,
    "passed": true,
    "status": "pass"
  },
  "passed": true
}
