[gpu_guard] cuda:0 -> GPU-76871c16-ff1d-f7b1-cdf5-fabbaf9df8ce (NVIDIA RTX PRO 6000 Blackwell Max-Q Workstation Edition)
{
  "task": "stick-push",
  "windows_checked": 12,
  "d2": {
    "count": 321892,
    "median_mm": 0.8705411686353859,
    "p90_mm": 4.301803245599034,
    "threshold_mm": 3.0,
    "passed": true,
    "status": "pass"
  },
  "d3": {
    "count": 380670,
    "median_mm": 1.998317271409333,
    "p90_mm": 4.43742919515371,
    "threshold_mm": 5.0,
    "passed": true,
    "status": "pass"
  },
  "world_body_zero": {
    "pixels": 137793,
    "nonzero_pixels": 0,
    "passed": true,
    "status": "pass"
  },
  "passed": true
}
