[gpu_guard] cuda:0 -> GPU-76871c16-ff1d-f7b1-cdf5-fabbaf9df8ce (NVIDIA RTX PRO 6000 Blackwell Max-Q Workstation Edition)
{
  "task": "shelf-place",
  "windows_checked": 12,
  "d2": {
    "count": 104602,
    "median_mm": 0.9047054170930879,
    "p90_mm": 6.588005668596299,
    "threshold_mm": 3.0,
    "passed": true,
    "status": "pass"
  },
  "d3": {
    "count": 367787,
    "median_mm": 1.9621881526055407,
    "p90_mm": 4.269067143556293,
    "threshold_mm": 5.0,
    "passed": true,
    "status": "pass"
  },
  "world_body_zero": {
    "pixels": 81537,
    "nonzero_pixels": 0,
    "passed": true,
    "status": "pass"
  },
  "passed": true
}
